// Jest Snapshot v1, https://goo.gl/fbAQLP

exports[`<Button /> Should match snapshot with props 1`] = `
.c0 {
  display: -webkit-box;
  display: -webkit-flex;
  display: -ms-flexbox;
  display: flex;
  -webkit-flex-wrap: wrap;
  -ms-flex-wrap: wrap;
  flex-wrap: wrap;
  border: none;
  height: 4.87rem;
  -webkit-align-items: center;
  -webkit-box-align: center;
  -ms-flex-align: center;
  align-items: center;
  -webkit-box-pack: center;
  -webkit-justify-content: center;
  -ms-flex-pack: center;
  justify-content: center;
  font-size: calc(10px + 2vmin);
  color: var(--lightcolor);
  outline: none;
  border-radius: 44px;
  width: 375px;
  background-color: var(--defaultbtn);
}

.c0:hover {
  cursor: pointer;
}

<button
  className="c0"
  data-testid="bar"
  disabled={true}
  onClick={[MockFunction]}
  tabIndex={-1}
>
  foo
</button>
`;
